projects/amazon-trend-analyzer/qb_chunks/page_381_skip381000.csv
ASIN Buyability Flag,asin_status,CVR%,revenue,asp,units,gv,Images #,Videos #,Has A+ Content,Buybox Winner,Average Rating,Number of Ratings,bb_price,Ad CTR%,Ad CVR%,bsr,brand,Ad CPC$,ASIN (Description),Update Type,Sold By Amazon,Has Coupon?,Has Store Link?,In Stock Today?,category,Sellable On Hand Units,asin,date,Ad Cost,Ad Sales,Ad Clicks,Ad Impressions,Ad Conversions
In Stock,ACTIVE: PROMO,0.25,3.0,2.99,1.0,4.0,0.0,0.0,True,,4.1,307.0,2.99,,,974.0,Looney Tunes,,"B0B5G492R3 (Looney Tunes: Halloween 4"" Sylvester DM Plush Squeaker Toy)",[],True,False,False,True,Seasonal Toys,197.0,B0B5G492R3,2025-07-19,0.0,0.0,0.0,0.0,0.0
In Stock,ACTIVE: PROMO,0.0,,,,7.0,0.0,0.0,True,,4.1,307.0,2.99,,,847.0,Looney Tunes,,"B0B5G492R3 (Looney Tunes: Halloween 4"" Sylvester DM Plush Squeaker Toy)",[],True,False,False,True,Seasonal Toys,198.0,B0B5G492R3,2025-07-18,0.0,0.0,0.0,0.0,0.0
In Stock,ACTIVE: PROMO,0.0,0.0,,0.0,3.0,0.0,0.0,True,,4.1,307.0,2.99,,,865.0,Looney Tunes,,"B0B5G492R3 (Looney Tunes: Halloween 4"" Sylvester DM Plush Squeaker Toy)",[],True,False,False,True,Seasonal Toys,198.0,B0B5G492R3,2025-07-17,0.0,0.0,0.0,0.0,0.0
In Stock,ACTIVE: PROMO,0.0,0.0,,0.0,6.0,0.0,0.0,True,,4.1,307.0,2.99,,,910.0,Looney Tunes,,"B0B5G492R3 (Looney Tunes: Halloween 4"" Sylvester DM Plush Squeaker Toy)",[],True,False,False,True,Seasonal Toys,198.0,B0B5G492R3,2025-07-16,0.0,0.0,0.0,0.0,0.0
In Stock,ACTIVE: PROMO,0.077,3.0,2.99,1.0,13.0,6.0,0.0,True,,4.1,307.0,2.99,,,1037.0,Looney Tunes,,"B0B5G492R3 (Looney Tunes: Halloween 4"" Sylvester DM Plush Squeaker Toy)",[],True,False,False,True,Seasonal Toys,201.0,B0B5G492R3,2025-07-15,0.0,0.0,0.0,0.0,0.0
In Stock,ACTIVE: PROMO,0.2,3.0,2.99,1.0,5.0,6.0,0.0,True,,4.1,307.0,2.99,,,929.0,Looney Tunes,,"B0B5G492R3 (Looney Tunes: Halloween 4"" Sylvester DM Plush Squeaker Toy)",[],True,False,False,True,Seasonal Toys,202.0,B0B5G492R3,2025-07-14,0.0,0.0,0.0,0.0,0.0
In Stock,ACTIVE: PROMO,0.0,0.0,,0.0,7.0,6.0,0.0,True,,4.1,307.0,2.99,,,1056.0,Looney Tunes,,"B0B5G492R3 (Looney Tunes: Halloween 4"" Sylvester DM Plush Squeaker Toy)",[],True,False,False,True,Seasonal Toys,204.0,B0B5G492R3,2025-07-13,0.0,0.0,0.0,0.0,0.0
In Stock,ACTIVE: PROMO,0.0,0.0,,0.0,10.0,6.0,0.0,True,,4.1,307.0,2.99,,,859.0,Looney Tunes,,"B0B5G492R3 (Looney Tunes: Halloween 4"" Sylvester DM Plush Squeaker Toy)",[],True,False,False,True,Seasonal Toys,204.0,B0B5G492R3,2025-07-12,0.0,0.0,0.0,0.0,0.0
In Stock,ACTIVE: PROMO,0.111,3.0,2.99,1.0,9.0,6.0,0.0,True,,4.1,307.0,2.99,,,879.0,Looney Tunes,,"B0B5G492R3 (Looney Tunes: Halloween 4"" Sylvester DM Plush Squeaker Toy)",[],True,False,False,True,Seasonal Toys,204.0,B0B5G492R3,2025-07-11,0.0,0.0,0.0,0.0,0.0
In Stock,ACTIVE: PROMO,0.125,6.0,2.99,2.0,16.0,6.0,0.0,True,,4.1,307.0,2.99,,,1352.0,Looney Tunes,,"B0B5G492R3 (Looney Tunes: Halloween 4"" Sylvester DM Plush Squeaker Toy)",[],True,False,False,True,Seasonal Toys,204.0,B0B5G492R3,2025-07-10,0.0,0.0,0.0,0.0,0.0
In Stock,ACTIVE: PROMO,0.091,3.0,2.99,1.0,11.0,6.0,0.0,True,,4.1,307.0,3.13,,,1437.0,Looney Tunes,,"B0B5G492R3 (Looney Tunes: Halloween 4"" Sylvester DM Plush Squeaker Toy)",[],True,False,False,True,Seasonal Toys,204.0,B0B5G492R3,2025-07-09,0.0,0.0,0.0,0.0,0.0
In Stock,ACTIVE: PROMO,0.0,,,,7.0,6.0,0.0,True,,4.1,306.0,3.12,,,1335.0,Looney Tunes,,"B0B5G492R3 (Looney Tunes: Halloween 4"" Sylvester DM Plush Squeaker Toy)",[],True,False,False,True,Seasonal Toys,205.0,B0B5G492R3,2025-07-08,0.0,0.0,0.0,0.0,0.0
In Stock,ACTIVE: PROMO,0.0,0.0,,0.0,2.0,6.0,0.0,True,,4.1,306.0,3.12,,,1159.0,Looney Tunes,,"B0B5G492R3 (Looney Tunes: Halloween 4"" Sylvester DM Plush Squeaker Toy)",[],True,False,False,True,Seasonal Toys,205.0,B0B5G492R3,2025-07-07,0.0,0.0,0.0,0.0,0.0
In Stock,ACTIVE: PROMO,0.0,,,,2.0,6.0,0.0,True,,4.1,306.0,3.12,,,1134.0,Looney Tunes,,"B0B5G492R3 (Looney Tunes: Halloween 4"" Sylvester DM Plush Squeaker Toy)",[],True,False,False,True,Seasonal Toys,207.0,B0B5G492R3,2025-07-06,0.0,0.0,0.0,0.0,0.0
In Stock,ACTIVE: PROMO,0.333,6.0,3.12,2.0,6.0,6.0,0.0,True,,4.1,306.0,3.12,,,1368.0,Looney Tunes,,"B0B5G492R3 (Looney Tunes: Halloween 4"" Sylvester DM Plush Squeaker Toy)",[],True,False,False,True,Seasonal Toys,207.0,B0B5G492R3,2025-07-05,0.0,0.0,0.0,0.0,0.0
In Stock,ACTIVE: PROMO,0.0,,,,3.0,6.0,0.0,True,,4.1,306.0,4.02,,,1220.0,Looney Tunes,,"B0B5G492R3 (Looney Tunes: Halloween 4"" Sylvester DM Plush Squeaker Toy)",[],True,False,False,True,Seasonal Toys,207.0,B0B5G492R3,2025-07-04,0.0,0.0,0.0,0.0,0.0
In Stock,ACTIVE: PROMO,0.0,,,,1.0,6.0,0.0,True,,4.1,306.0,4.02,,,1274.0,Looney Tunes,,"B0B5G492R3 (Looney Tunes: Halloween 4"" Sylvester DM Plush Squeaker Toy)",[],True,False,False,True,Seasonal Toys,207.0,B0B5G492R3,2025-07-03,0.0,0.0,0.0,0.0,0.0
In Stock,ACTIVE: PROMO,0.0,,,,2.0,6.0,0.0,True,,4.1,305.0,4.02,,,1082.0,Looney Tunes,,"B0B5G492R3 (Looney Tunes: Halloween 4"" Sylvester DM Plush Squeaker Toy)",[],True,False,False,True,Seasonal Toys,207.0,B0B5G492R3,2025-07-02,0.0,0.0,0.0,0.0,0.0
In Stock,ACTIVE: PROMO,0.0,,,,1.0,6.0,0.0,True,,4.1,305.0,4.02,,,1174.0,Looney Tunes,,"B0B5G492R3 (Looney Tunes: Halloween 4"" Sylvester DM Plush Squeaker Toy)",[],True,False,False,True,Seasonal Toys,207.0,B0B5G492R3,2025-07-01,0.0,0.0,0.0,0.0,0.0
In Stock,ACTIVE: PROMO,0.0,,,,3.0,6.0,0.0,True,,4.1,305.0,4.02,,,1396.0,Looney Tunes,,"B0B5G492R3 (Looney Tunes: Halloween 4"" Sylvester DM Plush Squeaker Toy)",[],True,False,False,True,Seasonal Toys,207.0,B0B5G492R3,2025-06-30,,,,,
In Stock,ACTIVE: PROMO,0.0,,,,3.0,6.0,0.0,True,,4.1,305.0,4.02,,,1257.0,Looney Tunes,,"B0B5G492R3 (Looney Tunes: Halloween 4"" Sylvester DM Plush Squeaker Toy)",[],True,False,False,True,Seasonal Toys,207.0,B0B5G492R3,2025-06-29,,,,,
In Stock,ACTIVE: PROMO,0.0,,,,1.0,6.0,0.0,True,,4.1,305.0,4.02,,,1317.0,Looney Tunes,,"B0B5G492R3 (Looney Tunes: Halloween 4"" Sylvester DM Plush Squeaker Toy)",[],True,False,False,True,Seasonal Toys,207.0,B0B5G492R3,2025-06-28,,,,,
In Stock,ACTIVE: PROMO,0.0,,,,1.0,6.0,0.0,True,,4.1,305.0,4.02,,,1178.0,Looney Tunes,,"B0B5G492R3 (Looney Tunes: Halloween 4"" Sylvester DM Plush Squeaker Toy)",[],True,False,False,True,Seasonal Toys,207.0,B0B5G492R3,2025-06-27,,,,,
In Stock,ACTIVE: PROMO,0.0,,,,1.0,6.0,0.0,True,,4.1,305.0,4.02,,,1134.0,Looney Tunes,,"B0B5G492R3 (Looney Tunes: Halloween 4"" Sylvester DM Plush Squeaker Toy)",[],True,False,False,True,Seasonal Toys,207.0,B0B5G492R3,2025-06-26,,,,,
In Stock,ACTIVE: PROMO,0.0,0.0,,0.0,1.0,6.0,0.0,True,,4.1,305.0,4.02,,,1248.0,Looney Tunes,,"B0B5G492R3 (Looney Tunes: Halloween 4"" Sylvester DM Plush Squeaker Toy)",[],True,False,False,True,Seasonal Toys,207.0,B0B5G492R3,2025-06-25,,,,,
In Stock,ACTIVE: PROMO,0.0,,,,1.0,6.0,0.0,True,,4.1,304.0,4.01,,,1351.0,Looney Tunes,,"B0B5G492R3 (Looney Tunes: Halloween 4"" Sylvester DM Plush Squeaker Toy)",[],True,False,False,True,Seasonal Toys,207.0,B0B5G492R3,2025-06-24,,,,,
In Stock,ACTIVE: PROMO,0.0,0.0,,0.0,5.0,6.0,0.0,True,,4.1,304.0,4.01,,,1200.0,Looney Tunes,,"B0B5G492R3 (Looney Tunes: Halloween 4"" Sylvester DM Plush Squeaker Toy)",[],True,False,False,True,Seasonal Toys,207.0,B0B5G492R3,2025-06-23,,,,,
In Stock,ACTIVE: PROMO,0.0,,,,2.0,6.0,0.0,True,,4.1,304.0,4.01,,,1014.0,Looney Tunes,,"B0B5G492R3 (Looney Tunes: Halloween 4"" Sylvester DM Plush Squeaker Toy)",[],True,False,False,True,Seasonal Toys,207.0,B0B5G492R3,2025-06-22,,,,,
In Stock,ACTIVE: PROMO,0.0,0.0,,0.0,1.0,6.0,0.0,True,,4.1,304.0,4.01,,,1046.0,Looney Tunes,,"B0B5G492R3 (Looney Tunes: Halloween 4"" Sylvester DM Plush Squeaker Toy)",[],True,False,False,True,Seasonal Toys,207.0,B0B5G492R3,2025-06-21,,,,,
In Stock,ACTIVE: PROMO,0.0,0.0,,0.0,3.0,6.0,0.0,True,,4.1,304.0,4.01,,,1126.0,Looney Tunes,,"B0B5G492R3 (Looney Tunes: Halloween 4"" Sylvester DM Plush Squeaker Toy)",[],True,False,False,True,Seasonal Toys,207.0,B0B5G492R3,2025-06-20,,,,,
In Stock,ACTIVE: PROMO,0.5,8.0,4.01,2.0,4.0,6.0,0.0,True,,4.1,304.0,4.01,,,943.0,Looney Tunes,,"B0B5G492R3 (Looney Tunes: Halloween 4"" Sylvester DM Plush Squeaker Toy)",[],True,False,False,True,Seasonal Toys,207.0,B0B5G492R3,2025-06-19,,,,,
In Stock,ACTIVE: PROMO,0.0,,,,2.0,6.0,0.0,True,,4.1,304.0,4.01,,,931.0,Looney Tunes,,"B0B5G492R3 (Looney Tunes: Halloween 4"" Sylvester DM Plush Squeaker Toy)",[],True,False,False,True,Seasonal Toys,209.0,B0B5G492R3,2025-06-18,,,,,
In Stock,ACTIVE: PROMO,0.0,0.0,,0.0,1.0,6.0,0.0,True,,4.1,304.0,4.01,,,839.0,Looney Tunes,,"B0B5G492R3 (Looney Tunes: Halloween 4"" Sylvester DM Plush Squeaker Toy)",[],True,False,False,True,Seasonal Toys,209.0,B0B5G492R3,2025-06-17,,,,,
In Stock,ACTIVE: PROMO,0.0,0.0,,0.0,3.0,6.0,0.0,True,,4.1,304.0,4.01,,,851.0,Looney Tunes,,"B0B5G492R3 (Looney Tunes: Halloween 4"" Sylvester DM Plush Squeaker Toy)",[],True,False,False,True,Seasonal Toys,209.0,B0B5G492R3,2025-06-16,,,,,
In Stock,ACTIVE: PROMO,0.667,8.0,4.01,2.0,3.0,6.0,0.0,True,,4.1,304.0,4.01,,,878.0,Looney Tunes,,"B0B5G492R3 (Looney Tunes: Halloween 4"" Sylvester DM Plush Squeaker Toy)",[],True,False,False,True,Seasonal Toys,210.0,B0B5G492R3,2025-06-15,,,,,
In Stock,ACTIVE: PROMO,,0.0,,0.0,,6.0,0.0,True,,4.1,304.0,4.01,,,910.0,Looney Tunes,,"B0B5G492R3 (Looney Tunes: Halloween 4"" Sylvester DM Plush Squeaker Toy)",[],True,False,False,True,Seasonal Toys,211.0,B0B5G492R3,2025-06-14,,,,,
In Stock,ACTIVE: PROMO,0.0,,,,3.0,6.0,0.0,True,,4.1,304.0,4.01,,,958.0,Looney Tunes,,"B0B5G492R3 (Looney Tunes: Halloween 4"" Sylvester DM Plush Squeaker Toy)",[],True,False,False,True,Seasonal Toys,211.0,B0B5G492R3,2025-06-13,,,,,
In Stock,ACTIVE: PROMO,,0.0,,0.0,,6.0,0.0,True,,4.1,304.0,4.01,,,1022.0,Looney Tunes,,"B0B5G492R3 (Looney Tunes: Halloween 4"" Sylvester DM Plush Squeaker Toy)",[],True,False,False,True,Seasonal Toys,211.0,B0B5G492R3,2025-06-12,,,,,
In Stock,ACTIVE: PROMO,0.5,4.0,4.01,1.0,2.0,6.0,0.0,True,,4.1,304.0,2.99,,,1020.0,Looney Tunes,,"B0B5G492R3 (Looney Tunes: Halloween 4"" Sylvester DM Plush Squeaker Toy)",[],True,False,False,True,Seasonal Toys,211.0,B0B5G492R3,2025-06-11,,,,,
In Stock,ACTIVE: PROMO,0.0,,,,8.0,6.0,0.0,True,,4.1,303.0,2.99,,,932.0,Looney Tunes,,"B0B5G492R3 (Looney Tunes: Halloween 4"" Sylvester DM Plush Squeaker Toy)",[],True,False,False,True,Seasonal Toys,212.0,B0B5G492R3,2025-06-10,,,,,
In Stock,ACTIVE: PROMO,0.0,0.0,,0.0,5.0,6.0,0.0,True,,4.1,303.0,2.99,,,812.0,Looney Tunes,,"B0B5G492R3 (Looney Tunes: Halloween 4"" Sylvester DM Plush Squeaker Toy)",[],True,False,False,True,Seasonal Toys,213.0,B0B5G492R3,2025-06-09,,,,,
In Stock,ACTIVE: PROMO,0.0,0.0,,0.0,6.0,6.0,0.0,True,,4.1,303.0,2.99,,,885.0,Looney Tunes,,"B0B5G492R3 (Looney Tunes: Halloween 4"" Sylvester DM Plush Squeaker Toy)",[],True,False,False,True,Seasonal Toys,213.0,B0B5G492R3,2025-06-08,,,,,
In Stock,ACTIVE: PROMO,0.0,0.0,,0.0,5.0,6.0,0.0,True,,4.1,303.0,2.99,,,950.0,Looney Tunes,,"B0B5G492R3 (Looney Tunes: Halloween 4"" Sylvester DM Plush Squeaker Toy)",[],True,False,False,True,Seasonal Toys,214.0,B0B5G492R3,2025-06-07,,,,,
In Stock,ACTIVE: PROMO,0.167,3.0,2.99,1.0,6.0,6.0,0.0,True,,4.1,303.0,2.99,,,787.0,Looney Tunes,,"B0B5G492R3 (Looney Tunes: Halloween 4"" Sylvester DM Plush Squeaker Toy)",[],True,False,False,True,Seasonal Toys,214.0,B0B5G492R3,2025-06-06,,,,,
In Stock,ACTIVE: PROMO,0.0,0.0,,0.0,6.0,6.0,0.0,True,,4.1,303.0,2.99,,,671.0,Looney Tunes,,"B0B5G492R3 (Looney Tunes: Halloween 4"" Sylvester DM Plush Squeaker Toy)",[],True,False,False,True,Seasonal Toys,214.0,B0B5G492R3,2025-06-05,,,,,
In Stock,ACTIVE: PROMO,0.067,3.0,2.99,1.0,15.0,6.0,0.0,True,,4.1,303.0,2.99,,,684.0,Looney Tunes,,"B0B5G492R3 (Looney Tunes: Halloween 4"" Sylvester DM Plush Squeaker Toy)",[],True,False,False,True,Seasonal Toys,216.0,B0B5G492R3,2025-06-04,,,,,
In Stock,ACTIVE: PROMO,0.333,6.0,2.99,2.0,6.0,6.0,0.0,True,,4.1,303.0,2.99,,,786.0,Looney Tunes,,"B0B5G492R3 (Looney Tunes: Halloween 4"" Sylvester DM Plush Squeaker Toy)",[],True,False,False,True,Seasonal Toys,219.0,B0B5G492R3,2025-06-03,,,,,
In Stock,ACTIVE: PROMO,1.0,3.0,2.99,1.0,1.0,6.0,0.0,True,,4.1,303.0,2.99,,,725.0,Looney Tunes,,"B0B5G492R3 (Looney Tunes: Halloween 4"" Sylvester DM Plush Squeaker Toy)",[],True,False,False,True,Seasonal Toys,223.0,B0B5G492R3,2025-06-02,,,,,
In Stock,ACTIVE: PROMO,0.625,15.0,2.99,5.0,8.0,6.0,0.0,True,,4.1,302.0,2.99,,,678.0,Looney Tunes,,"B0B5G492R3 (Looney Tunes: Halloween 4"" Sylvester DM Plush Squeaker Toy)",[],True,False,False,True,Seasonal Toys,222.0,B0B5G492R3,2025-06-01,,,,,
In Stock,ACTIVE: PROMO,0.0,0.0,,0.0,5.0,6.0,0.0,True,,4.1,301.0,2.99,,,679.0,Looney Tunes,,"B0B5G492R3 (Looney Tunes: Halloween 4"" Sylvester DM Plush Squeaker Toy)",[],True,False,False,True,Seasonal Toys,222.0,B0B5G492R3,2025-05-31,,,,,
In Stock,ACTIVE: PROMO,0.333,2.0,2.34,1.0,3.0,6.0,0.0,True,,4.1,299.0,2.33,,,788.0,Looney Tunes,,"B0B5G492R3 (Looney Tunes: Halloween 4"" Sylvester DM Plush Squeaker Toy)",[],True,False,False,True,Seasonal Toys,223.0,B0B5G492R3,2025-05-30,,,,,
In Stock,ACTIVE: PROMO,0.273,7.0,2.33,3.0,11.0,6.0,0.0,True,,4.1,299.0,2.41,,,820.0,Looney Tunes,,"B0B5G492R3 (Looney Tunes: Halloween 4"" Sylvester DM Plush Squeaker Toy)",[],True,False,False,True,Seasonal Toys,224.0,B0B5G492R3,2025-05-29,,,,,
In Stock,ACTIVE: PROMO,0.111,2.0,2.41,1.0,9.0,6.0,0.0,True,,4.1,299.0,2.41,,,842.0,Looney Tunes,,"B0B5G492R3 (Looney Tunes: Halloween 4"" Sylvester DM Plush Squeaker Toy)",[],True,False,False,True,Seasonal Toys,226.0,B0B5G492R3,2025-05-28,,,,,
In Stock,ACTIVE: PROMO,0.2,2.0,2.41,1.0,5.0,6.0,0.0,True,,4.1,298.0,2.41,,,842.0,Looney Tunes,,"B0B5G492R3 (Looney Tunes: Halloween 4"" Sylvester DM Plush Squeaker Toy)",[],True,False,False,True,Seasonal Toys,226.0,B0B5G492R3,2025-05-27,,,,,
In Stock,ACTIVE: PROMO,0.167,2.0,2.41,1.0,6.0,6.0,0.0,True,,4.1,298.0,2.42,,,825.0,Looney Tunes,,"B0B5G492R3 (Looney Tunes: Halloween 4"" Sylvester DM Plush Squeaker Toy)",[],True,False,False,True,Seasonal Toys,227.0,B0B5G492R3,2025-05-26,,,,,
In Stock,ACTIVE: PROMO,0.111,2.0,2.42,1.0,9.0,6.0,0.0,True,,4.1,297.0,2.42,,,894.0,Looney Tunes,,"B0B5G492R3 (Looney Tunes: Halloween 4"" Sylvester DM Plush Squeaker Toy)",[],True,False,False,True,Seasonal Toys,230.0,B0B5G492R3,2025-05-25,,,,,
In Stock,ACTIVE: PROMO,0.6,7.0,2.42,3.0,5.0,6.0,0.0,True,,4.1,297.0,2.42,,,813.0,Looney Tunes,,"B0B5G492R3 (Looney Tunes: Halloween 4"" Sylvester DM Plush Squeaker Toy)",[],True,False,False,True,Seasonal Toys,234.0,B0B5G492R3,2025-05-24,,,,,
In Stock,ACTIVE: PROMO,0.0,0.0,,0.0,11.0,6.0,0.0,True,,4.1,297.0,2.49,,,894.0,Looney Tunes,,"B0B5G492R3 (Looney Tunes: Halloween 4"" Sylvester DM Plush Squeaker Toy)",[],True,False,False,True,Seasonal Toys,234.0,B0B5G492R3,2025-05-23,,,,,
In Stock,ACTIVE: PROMO,0.273,7.0,2.49,3.0,11.0,6.0,0.0,True,,4.1,297.0,2.49,,,822.0,Looney Tunes,,"B0B5G492R3 (Looney Tunes: Halloween 4"" Sylvester DM Plush Squeaker Toy)",[],True,False,False,True,Seasonal Toys,235.0,B0B5G492R3,2025-05-22,,,,,
In Stock,ACTIVE: PROMO,0.0,0.0,,0.0,8.0,6.0,0.0,True,,4.1,297.0,2.49,,,811.0,Looney Tunes,,"B0B5G492R3 (Looney Tunes: Halloween 4"" Sylvester DM Plush Squeaker Toy)",[],True,False,False,True,Seasonal Toys,237.0,B0B5G492R3,2025-05-21,,,,,
In Stock,ACTIVE: PROMO,0.091,2.0,2.49,1.0,11.0,6.0,0.0,True,,4.1,297.0,2.49,,,808.0,Looney Tunes,,"B0B5G492R3 (Looney Tunes: Halloween 4"" Sylvester DM Plush Squeaker Toy)",[],True,False,False,True,Seasonal Toys,238.0,B0B5G492R3,2025-05-20,,,,,
In Stock,ACTIVE: PROMO,0.545,15.0,2.49,6.0,11.0,6.0,0.0,True,,4.1,297.0,2.49,,,778.0,Looney Tunes,,"B0B5G492R3 (Looney Tunes: Halloween 4"" Sylvester DM Plush Squeaker Toy)",[],True,False,False,True,Seasonal Toys,240.0,B0B5G492R3,2025-05-19,,,,,
In Stock,ACTIVE: PROMO,0.286,5.0,2.49,2.0,7.0,6.0,0.0,True,,4.1,297.0,2.49,,,648.0,Looney Tunes,,"B0B5G492R3 (Looney Tunes: Halloween 4"" Sylvester DM Plush Squeaker Toy)",[],True,False,False,True,Seasonal Toys,246.0,B0B5G492R3,2025-05-18,,,,,
In Stock,ACTIVE: PROMO,0.0,0.0,,0.0,9.0,6.0,0.0,True,,4.1,297.0,2.48,,,660.0,Looney Tunes,,"B0B5G492R3 (Looney Tunes: Halloween 4"" Sylvester DM Plush Squeaker Toy)",[],True,False,False,True,Seasonal Toys,246.0,B0B5G492R3,2025-05-17,,,,,
In Stock,ACTIVE: PROMO,0.286,5.0,2.47,2.0,7.0,6.0,0.0,True,,4.1,297.0,2.47,,,547.0,Looney Tunes,,"B0B5G492R3 (Looney Tunes: Halloween 4"" Sylvester DM Plush Squeaker Toy)",[],True,False,False,True,Seasonal Toys,248.0,B0B5G492R3,2025-05-16,,,,,
In Stock,ACTIVE: PROMO,0.091,2.0,2.47,1.0,11.0,6.0,0.0,True,,4.1,295.0,2.5,,,739.0,Looney Tunes,,"B0B5G492R3 (Looney Tunes: Halloween 4"" Sylvester DM Plush Squeaker Toy)",[],True,False,False,True,Seasonal Toys,249.0,B0B5G492R3,2025-05-15,,,,,
In Stock,ACTIVE: PROMO,0.053,3.0,2.5,1.0,19.0,6.0,0.0,True,,4.1,295.0,2.5,,,664.0,Looney Tunes,,"B0B5G492R3 (Looney Tunes: Halloween 4"" Sylvester DM Plush Squeaker Toy)",[],True,False,False,True,Seasonal Toys,250.0,B0B5G492R3,2025-05-14,,,,,
In Stock,ACTIVE: PROMO,0.0,0.0,,0.0,14.0,6.0,0.0,True,,4.1,295.0,2.5,,,602.0,Looney Tunes,,"B0B5G492R3 (Looney Tunes: Halloween 4"" Sylvester DM Plush Squeaker Toy)",[],True,False,False,True,Seasonal Toys,251.0,B0B5G492R3,2025-05-13,,,,,
In Stock,ACTIVE: PROMO,0.2,5.0,2.5,2.0,10.0,6.0,0.0,True,,4.1,294.0,2.5,,,814.0,Looney Tunes,,"B0B5G492R3 (Looney Tunes: Halloween 4"" Sylvester DM Plush Squeaker Toy)",[],True,False,False,True,Seasonal Toys,251.0,B0B5G492R3,2025-05-12,,,,,
In Stock,ACTIVE: PROMO,0.077,3.0,2.5,1.0,13.0,6.0,0.0,True,,4.1,294.0,2.5,,,598.0,Looney Tunes,,"B0B5G492R3 (Looney Tunes: Halloween 4"" Sylvester DM Plush Squeaker Toy)",[],True,False,False,True,Seasonal Toys,252.0,B0B5G492R3,2025-05-11,,,,,
In Stock,ACTIVE: PROMO,0.143,3.0,2.5,1.0,7.0,6.0,0.0,True,,4.1,294.0,2.5,,,1130.0,Looney Tunes,,"B0B5G492R3 (Looney Tunes: Halloween 4"" Sylvester DM Plush Squeaker Toy)",[],True,False,False,True,Seasonal Toys,253.0,B0B5G492R3,2025-05-10,,,,,
In Stock,ACTIVE: PROMO,0.0,,,,6.0,6.0,0.0,True,,4.1,294.0,2.5,,,765.0,Looney Tunes,,"B0B5G492R3 (Looney Tunes: Halloween 4"" Sylvester DM Plush Squeaker Toy)",[],True,False,False,True,Seasonal Toys,253.0,B0B5G492R3,2025-05-09,,,,,
In Stock,ACTIVE: PROMO,0.0,,,,3.0,6.0,0.0,True,,4.1,294.0,2.19,,,684.0,Looney Tunes,,"B0B5G492R3 (Looney Tunes: Halloween 4"" Sylvester DM Plush Squeaker Toy)",[],True,False,False,True,Seasonal Toys,254.0,B0B5G492R3,2025-05-08,,,,,
